------------------------------------------------------------
TimeQuest Timing Analyzer Summary
------------------------------------------------------------

Type  : Slow 1100mV 85C Model Setup 'hps_0|fpga_interfaces|clocks_resets|h2f_user0_clk'
Slack : -2.641
TNS   : -98.976

Type  : Slow 1100mV 85C Model Setup 'system_soc_hps_0:hps_0|system_soc_hps_0_hps_io:hps_io|system_soc_hps_0_hps_io_border:border|hps_sdram:hps_sdram_inst|hps_sdram_pll:pll|afi_clk_write_clk'
Slack : 1.730
TNS   : 0.000

Type  : Slow 1100mV 85C Model Hold 'system_soc_hps_0:hps_0|system_soc_hps_0_hps_io:hps_io|system_soc_hps_0_hps_io_border:border|hps_sdram:hps_sdram_inst|hps_sdram_pll:pll|afi_clk_write_clk'
Slack : 0.143
TNS   : 0.000

Type  : Slow 1100mV 85C Model Hold 'hps_0|fpga_interfaces|clocks_resets|h2f_user0_clk'
Slack : 0.218
TNS   : 0.000

Type  : Slow 1100mV 85C Model Recovery 'system_soc_hps_0:hps_0|system_soc_hps_0_hps_io:hps_io|system_soc_hps_0_hps_io_border:border|hps_sdram:hps_sdram_inst|hps_sdram_pll:pll|afi_clk_write_clk'
Slack : 3.375
TNS   : 0.000

Type  : Slow 1100mV 85C Model Recovery 'hps_0|fpga_interfaces|clocks_resets|h2f_user0_clk'
Slack : 6.097
TNS   : 0.000

Type  : Slow 1100mV 85C Model Removal 'system_soc_hps_0:hps_0|system_soc_hps_0_hps_io:hps_io|system_soc_hps_0_hps_io_border:border|hps_sdram:hps_sdram_inst|hps_sdram_pll:pll|afi_clk_write_clk'
Slack : 0.470
TNS   : 0.000

Type  : Slow 1100mV 85C Model Removal 'hps_0|fpga_interfaces|clocks_resets|h2f_user0_clk'
Slack : 0.554
TNS   : 0.000

Type  : Slow 1100mV 85C Model Minimum Pulse Width 'system_soc_hps_0:hps_0|system_soc_hps_0_hps_io:hps_io|system_soc_hps_0_hps_io_border:border|hps_sdram:hps_sdram_inst|hps_sdram_pll:pll|pll_write_clk_dq_write_clk'
Slack : 0.608
TNS   : 0.000

Type  : Slow 1100mV 85C Model Minimum Pulse Width 'system_soc_hps_0:hps_0|system_soc_hps_0_hps_io:hps_io|system_soc_hps_0_hps_io_border:border|hps_sdram:hps_sdram_inst|hps_sdram_pll:pll|afi_clk_write_clk'
Slack : 0.623
TNS   : 0.000

Type  : Slow 1100mV 85C Model Minimum Pulse Width 'hps_0|fpga_interfaces|clocks_resets|h2f_user0_clk'
Slack : 3.735
TNS   : 0.000

Type  : Slow 1100mV 0C Model Setup 'hps_0|fpga_interfaces|clocks_resets|h2f_user0_clk'
Slack : -3.021
TNS   : -124.825

Type  : Slow 1100mV 0C Model Setup 'system_soc_hps_0:hps_0|system_soc_hps_0_hps_io:hps_io|system_soc_hps_0_hps_io_border:border|hps_sdram:hps_sdram_inst|hps_sdram_pll:pll|afi_clk_write_clk'
Slack : 1.727
TNS   : 0.000

Type  : Slow 1100mV 0C Model Hold 'hps_0|fpga_interfaces|clocks_resets|h2f_user0_clk'
Slack : 0.119
TNS   : 0.000

Type  : Slow 1100mV 0C Model Hold 'system_soc_hps_0:hps_0|system_soc_hps_0_hps_io:hps_io|system_soc_hps_0_hps_io_border:border|hps_sdram:hps_sdram_inst|hps_sdram_pll:pll|afi_clk_write_clk'
Slack : 0.162
TNS   : 0.000

Type  : Slow 1100mV 0C Model Recovery 'system_soc_hps_0:hps_0|system_soc_hps_0_hps_io:hps_io|system_soc_hps_0_hps_io_border:border|hps_sdram:hps_sdram_inst|hps_sdram_pll:pll|afi_clk_write_clk'
Slack : 3.468
TNS   : 0.000

Type  : Slow 1100mV 0C Model Recovery 'hps_0|fpga_interfaces|clocks_resets|h2f_user0_clk'
Slack : 6.238
TNS   : 0.000

Type  : Slow 1100mV 0C Model Removal 'system_soc_hps_0:hps_0|system_soc_hps_0_hps_io:hps_io|system_soc_hps_0_hps_io_border:border|hps_sdram:hps_sdram_inst|hps_sdram_pll:pll|afi_clk_write_clk'
Slack : 0.460
TNS   : 0.000

Type  : Slow 1100mV 0C Model Removal 'hps_0|fpga_interfaces|clocks_resets|h2f_user0_clk'
Slack : 0.510
TNS   : 0.000

Type  : Slow 1100mV 0C Model Minimum Pulse Width 'system_soc_hps_0:hps_0|system_soc_hps_0_hps_io:hps_io|system_soc_hps_0_hps_io_border:border|hps_sdram:hps_sdram_inst|hps_sdram_pll:pll|pll_write_clk_dq_write_clk'
Slack : 0.613
TNS   : 0.000

Type  : Slow 1100mV 0C Model Minimum Pulse Width 'system_soc_hps_0:hps_0|system_soc_hps_0_hps_io:hps_io|system_soc_hps_0_hps_io_border:border|hps_sdram:hps_sdram_inst|hps_sdram_pll:pll|afi_clk_write_clk'
Slack : 0.630
TNS   : 0.000

Type  : Slow 1100mV 0C Model Minimum Pulse Width 'hps_0|fpga_interfaces|clocks_resets|h2f_user0_clk'
Slack : 3.724
TNS   : 0.000

Type  : Fast 1100mV 85C Model Setup 'system_soc_hps_0:hps_0|system_soc_hps_0_hps_io:hps_io|system_soc_hps_0_hps_io_border:border|hps_sdram:hps_sdram_inst|hps_sdram_pll:pll|afi_clk_write_clk'
Slack : 2.110
TNS   : 0.000

Type  : Fast 1100mV 85C Model Setup 'hps_0|fpga_interfaces|clocks_resets|h2f_user0_clk'
Slack : 3.161
TNS   : 0.000

Type  : Fast 1100mV 85C Model Hold 'system_soc_hps_0:hps_0|system_soc_hps_0_hps_io:hps_io|system_soc_hps_0_hps_io_border:border|hps_sdram:hps_sdram_inst|hps_sdram_pll:pll|afi_clk_write_clk'
Slack : 0.084
TNS   : 0.000

Type  : Fast 1100mV 85C Model Hold 'hps_0|fpga_interfaces|clocks_resets|h2f_user0_clk'
Slack : 0.129
TNS   : 0.000

Type  : Fast 1100mV 85C Model Recovery 'system_soc_hps_0:hps_0|system_soc_hps_0_hps_io:hps_io|system_soc_hps_0_hps_io_border:border|hps_sdram:hps_sdram_inst|hps_sdram_pll:pll|afi_clk_write_clk'
Slack : 3.727
TNS   : 0.000

Type  : Fast 1100mV 85C Model Recovery 'hps_0|fpga_interfaces|clocks_resets|h2f_user0_clk'
Slack : 7.512
TNS   : 0.000

Type  : Fast 1100mV 85C Model Removal 'hps_0|fpga_interfaces|clocks_resets|h2f_user0_clk'
Slack : 0.295
TNS   : 0.000

Type  : Fast 1100mV 85C Model Removal 'system_soc_hps_0:hps_0|system_soc_hps_0_hps_io:hps_io|system_soc_hps_0_hps_io_border:border|hps_sdram:hps_sdram_inst|hps_sdram_pll:pll|afi_clk_write_clk'
Slack : 0.497
TNS   : 0.000

Type  : Fast 1100mV 85C Model Minimum Pulse Width 'system_soc_hps_0:hps_0|system_soc_hps_0_hps_io:hps_io|system_soc_hps_0_hps_io_border:border|hps_sdram:hps_sdram_inst|hps_sdram_pll:pll|pll_write_clk_dq_write_clk'
Slack : 0.883
TNS   : 0.000

Type  : Fast 1100mV 85C Model Minimum Pulse Width 'system_soc_hps_0:hps_0|system_soc_hps_0_hps_io:hps_io|system_soc_hps_0_hps_io_border:border|hps_sdram:hps_sdram_inst|hps_sdram_pll:pll|afi_clk_write_clk'
Slack : 0.891
TNS   : 0.000

Type  : Fast 1100mV 85C Model Minimum Pulse Width 'hps_0|fpga_interfaces|clocks_resets|h2f_user0_clk'
Slack : 3.882
TNS   : 0.000

Type  : Fast 1100mV 0C Model Setup 'system_soc_hps_0:hps_0|system_soc_hps_0_hps_io:hps_io|system_soc_hps_0_hps_io_border:border|hps_sdram:hps_sdram_inst|hps_sdram_pll:pll|afi_clk_write_clk'
Slack : 2.110
TNS   : 0.000

Type  : Fast 1100mV 0C Model Setup 'hps_0|fpga_interfaces|clocks_resets|h2f_user0_clk'
Slack : 3.461
TNS   : 0.000

Type  : Fast 1100mV 0C Model Hold 'system_soc_hps_0:hps_0|system_soc_hps_0_hps_io:hps_io|system_soc_hps_0_hps_io_border:border|hps_sdram:hps_sdram_inst|hps_sdram_pll:pll|afi_clk_write_clk'
Slack : 0.077
TNS   : 0.000

Type  : Fast 1100mV 0C Model Hold 'hps_0|fpga_interfaces|clocks_resets|h2f_user0_clk'
Slack : 0.118
TNS   : 0.000

Type  : Fast 1100mV 0C Model Recovery 'system_soc_hps_0:hps_0|system_soc_hps_0_hps_io:hps_io|system_soc_hps_0_hps_io_border:border|hps_sdram:hps_sdram_inst|hps_sdram_pll:pll|afi_clk_write_clk'
Slack : 3.825
TNS   : 0.000

Type  : Fast 1100mV 0C Model Recovery 'hps_0|fpga_interfaces|clocks_resets|h2f_user0_clk'
Slack : 7.783
TNS   : 0.000

Type  : Fast 1100mV 0C Model Removal 'hps_0|fpga_interfaces|clocks_resets|h2f_user0_clk'
Slack : 0.267
TNS   : 0.000

Type  : Fast 1100mV 0C Model Removal 'system_soc_hps_0:hps_0|system_soc_hps_0_hps_io:hps_io|system_soc_hps_0_hps_io_border:border|hps_sdram:hps_sdram_inst|hps_sdram_pll:pll|afi_clk_write_clk'
Slack : 0.473
TNS   : 0.000

Type  : Fast 1100mV 0C Model Minimum Pulse Width 'system_soc_hps_0:hps_0|system_soc_hps_0_hps_io:hps_io|system_soc_hps_0_hps_io_border:border|hps_sdram:hps_sdram_inst|hps_sdram_pll:pll|pll_write_clk_dq_write_clk'
Slack : 0.887
TNS   : 0.000

Type  : Fast 1100mV 0C Model Minimum Pulse Width 'system_soc_hps_0:hps_0|system_soc_hps_0_hps_io:hps_io|system_soc_hps_0_hps_io_border:border|hps_sdram:hps_sdram_inst|hps_sdram_pll:pll|afi_clk_write_clk'
Slack : 0.894
TNS   : 0.000

Type  : Fast 1100mV 0C Model Minimum Pulse Width 'hps_0|fpga_interfaces|clocks_resets|h2f_user0_clk'
Slack : 3.881
TNS   : 0.000

------------------------------------------------------------
Info: see the "DDR report" for DDR timing results
------------------------------------------------------------
------------------------------------------------------------
